ASxxxx Linker V03.00 + NoICE + sdld,  page 1.
Hexadecimal  [32-Bits]

Area                                    Addr        Size        Decimal Bytes (Attributes)
--------------------------------        ----        ----        ------- ----- ------------
.  .ABS.                            00000000    00000000 =           0. bytes (ABS,CON)

      Value  Global                              Global Defined In Module
      -----  --------------------------------   ------------------------
     00000000  .__.ABS.                           
     00000000  l_CABS                          
     00000000  l_DABS                          
     00000000  l_INITIALIZED                   
     00000000  l_INITIALIZER                   
     00000000  l__CODE                         
     00000000  s_CABS                          
     00000000  s_DABS                          
     00000000  s__CODE                         
     00000001  l_SSEG                          
     00000001  s_DATA                          
     00000003  l_GSFINAL                       
     00000004  l_DATA                          
     00000005  s_INITIALIZED                   
     00000005  s_SSEG                          
     0000001A  l_GSINIT                        
     00000083  l_HOME                          
     000005C2  l_CODE                          
     00008000  s_HOME                          
     00008083  s_GSINIT                        
     0000809D  s_GSFINAL                       
     000080A0  s_CODE                          
     00008662  s_INITIALIZER                   

ASxxxx Linker V03.00 + NoICE + sdld,  page 2.
Hexadecimal  [32-Bits]

Area                                    Addr        Size        Decimal Bytes (Attributes)
--------------------------------        ----        ----        ------- ----- ------------
DATA                                00000001    00000004 =           4. bytes (REL,CON)

      Value  Global                              Global Defined In Module
      -----  --------------------------------   ------------------------
     00000001  _readreg                           main
     00000002  _cri                               main
     00000003  _acc                               main
ASxxxx Linker V03.00 + NoICE + sdld,  page 3.
Hexadecimal  [32-Bits]

Area                                    Addr        Size        Decimal Bytes (Attributes)
--------------------------------        ----        ----        ------- ----- ------------
SSEG                                00000005    00000001 =           1. bytes (REL,CON)

      Value  Global                              Global Defined In Module
      -----  --------------------------------   ------------------------
ASxxxx Linker V03.00 + NoICE + sdld,  page 4.
Hexadecimal  [32-Bits]

Area                                    Addr        Size        Decimal Bytes (Attributes)
--------------------------------        ----        ----        ------- ----- ------------
HOME                                00008000    00000083 =         131. bytes (REL,CON)

      Value  Global                              Global Defined In Module
      -----  --------------------------------   ------------------------
ASxxxx Linker V03.00 + NoICE + sdld,  page 5.
Hexadecimal  [32-Bits]

Area                                    Addr        Size        Decimal Bytes (Attributes)
--------------------------------        ----        ----        ------- ----- ------------
GSINIT                              00008083    0000001A =          26. bytes (REL,CON)

      Value  Global                              Global Defined In Module
      -----  --------------------------------   ------------------------
ASxxxx Linker V03.00 + NoICE + sdld,  page 6.
Hexadecimal  [32-Bits]

Area                                    Addr        Size        Decimal Bytes (Attributes)
--------------------------------        ----        ----        ------- ----- ------------
GSFINAL                             0000809D    00000003 =           3. bytes (REL,CON)

      Value  Global                              Global Defined In Module
      -----  --------------------------------   ------------------------
ASxxxx Linker V03.00 + NoICE + sdld,  page 7.
Hexadecimal  [32-Bits]

Area                                    Addr        Size        Decimal Bytes (Attributes)
--------------------------------        ----        ----        ------- ----- ------------
CODE                                000080A0    000005C2 =        1474. bytes (REL,CON)

      Value  Global                              Global Defined In Module
      -----  --------------------------------   ------------------------
     000080A0  _delay_init                        main
     000080A5  _delay_us                          main
     000080F5  _delay_ms                          main
     0000813A  _delay_timer                       main
     0000814F  _clock_init                        main
     00008158  _i2c_init                          main
     00008175  _i2c_set_start                     main
     0000817A  _i2c_set_address                   main
     0000819B  _i2c_set_stop                      main
     000081A3  _i2c_clear_ack                     main
     000081AB  _i2c_set_ack                       main
     000081B3  _i2c_ack_pos_current               main
     000081BB  _i2c_ack_pos_next                  main
     000081C3  _i2c_poll_SB                       main
     000081CE  _i2c_poll_ADDR                     main
     000081D9  _i2c_poll_BTF                      main
     000081E4  _i2c_poll_TXE                      main
     000081EF  _i2c_poll_RXNE                     main
     000081FA  _i2c_clear_bits                    main
     00008202  _i2c_clear_ADDR                    main
     0000820E  _i2c_enable_interrupts             main
     00008213  _i2c_disable_interrupts            main
     00008218  _adc_init                          main
     00008225  _read_adc                          main
     00008265  _uart1_init                        main
     0000829D  _uart1_send                        main
     000082AE  _uart1_recv                        main
     000082BF  _uart1_recv_i                      main
     000082C4  _pwm1_init                         main
     00008303  _pwm2_init                         main
     0000833A  _pwm1ch1_enable                    main
     0000833F  _pwm1ch1_disable                   main
     00008344  _pwm2ch1_enable                    main
     00008349  _pwm2ch1_disable                   main
     0000834E  _pwm1_update                       main
     00008364  _pwm2_update                       main
     0000837A  _UART_sendchar                     main
     00008382  _UART_sendtext                     main
     0000839F  _UART_sendnum                      main
     000083F2  _UART_recvchar                     main
     000083F5  _isr_UART1_RX                      main
     00008425  _main                              main
     00008441  _loop                              main
     000084BB  _gpio_init                         main
     0000851C  __modulong                         
     0000858C  __divulong                         
     000085E6  __mullong                          

ASxxxx Linker V03.00 + NoICE + sdld,  page 8.

Files Linked                              [ module(s) ]

main.rel                                  [ main ]


Libraries Linked                          [ object file ]

/usr/bin/../share/sdcc/lib/stm8/stm8.lib  [ _modulong.rel ]
/usr/bin/../share/sdcc/lib/stm8/stm8.lib  [ _divulong.rel ]
/usr/bin/../share/sdcc/lib/stm8/stm8.lib  [ _mullong.rel ]

ASxxxx Linker V03.00 + NoICE + sdld,  page 9.

User Base Address Definitions

HOME = 0x8000
DATA = 0x0001

